Archive member included because of file (symbol)

/nfs/home/local/bin/../lib/gcc-lib/h8300-hms/3.3.6/../../../../h8300-hms/lib/h8300h/int32/libg.a(lib_a-strlen.o)
                              lcd.o (_strlen)

Allocating common symbols
Common symbol       size              file

play_mode           0x4               ad-da.o
bufptr              0x4               ad-da.o
databuf             0x7800            ad-da.o

Memory Configuration

Name             Origin             Length             Attributes
vectors          0x00ffe000         0x00000400
ram              0x00200000         0x00020000

Linker script and memory map

LOAD /home/class/common/H8/lib/ramcrt-ext.o
LOAD ad-da.o
LOAD lcd.o
LOAD ad.o
LOAD da.o
LOAD /nfs/home/local/bin/../lib/gcc-lib/h8300-hms/3.3.6/h8300h/int32/libgcc.a
LOAD /nfs/home/local/bin/../lib/gcc-lib/h8300-hms/3.3.6/../../../../h8300-hms/lib/h8300h/int32/libg.a
LOAD /nfs/home/local/bin/../lib/gcc-lib/h8300-hms/3.3.6/../../../../h8300-hms/lib/h8300h/int32/libc.a
LOAD /nfs/home/local/bin/../lib/gcc-lib/h8300-hms/3.3.6/h8300h/int32/libgcc.a
                0x00ffff10                PROVIDE (_stack, 0xffff10)
                0x00220000                PROVIDE (__ext_stack, 0x220000)

.vectors        0x00ffe000      0x100
                0x00ffe000        0x4 LONG 0x200000 <code 340> (_start)
                0x00ffe004        0x4 LONG 0x200000 <code 340> (_start)
                0x00ffe008        0x4 LONG 0x200000 <code 340> (_start)
                0x00ffe00c        0x4 LONG 0x200000 <code 340> (_start)
                0x00ffe010        0x4 LONG 0x200000 <code 340> (_start)
                0x00ffe014        0x4 LONG 0x200000 <code 340> (_start)
                0x00ffe018        0x4 LONG 0x200000 <code 340> (_start)
                0x00ffe01c        0x4 LONG 0x200000 DEFINED (_int_nmi)?<code 340> (_int_nmi):<code 340> (_start)
                0x00ffe020        0x4 LONG 0x200000 DEFINED (_int_trap0)?<code 340> (_int_trap0):<code 340> (_start)
                0x00ffe024        0x4 LONG 0x200000 DEFINED (_int_trap1)?<code 340> (_int_trap1):<code 340> (_start)
                0x00ffe028        0x4 LONG 0x200000 DEFINED (_int_trap2)?<code 340> (_int_trap2):<code 340> (_start)
                0x00ffe02c        0x4 LONG 0x200000 DEFINED (_int_trap3)?<code 340> (_int_trap3):<code 340> (_start)
                0x00ffe030        0x4 LONG 0x200000 DEFINED (_int_irq0)?<code 340> (_int_irq0):<code 340> (_start)
                0x00ffe034        0x4 LONG 0x200000 DEFINED (_int_irq1)?<code 340> (_int_irq1):<code 340> (_start)
                0x00ffe038        0x4 LONG 0x200000 DEFINED (_int_irq2)?<code 340> (_int_irq2):<code 340> (_start)
                0x00ffe03c        0x4 LONG 0x200000 DEFINED (_int_irq3)?<code 340> (_int_irq3):<code 340> (_start)
                0x00ffe040        0x4 LONG 0x200000 DEFINED (_int_irq4)?<code 340> (_int_irq4):<code 340> (_start)
                0x00ffe044        0x4 LONG 0x200000 DEFINED (_int_irq5)?<code 340> (_int_irq5):<code 340> (_start)
                0x00ffe048        0x4 LONG 0x200000 <code 340> (_start)
                0x00ffe04c        0x4 LONG 0x200000 <code 340> (_start)
                0x00ffe050        0x4 LONG 0x200000 DEFINED (_int_wovi)?<code 340> (_int_wovi):<code 340> (_start)
                0x00ffe054        0x4 LONG 0x200000 DEFINED (_int_cmi)?<code 340> (_int_cmi):<code 340> (_start)
                0x00ffe058        0x4 LONG 0x200000 <code 340> (_start)
                0x00ffe05c        0x4 LONG 0x200000 <code 340> (_start)
                0x00ffe060        0x4 LONG 0x200000 DEFINED (_int_imia0)?<code 340> (_int_imia0):<code 340> (_start)
                0x00ffe064        0x4 LONG 0x200000 DEFINED (_int_imib0)?<code 340> (_int_imib0):<code 340> (_start)
                0x00ffe068        0x4 LONG 0x200000 DEFINED (_int_ovi0)?<code 340> (_int_ovi0):<code 340> (_start)
                0x00ffe06c        0x4 LONG 0x200000 <code 340> (_start)
                0x00ffe070        0x4 LONG 0x200000 DEFINED (_int_imia1)?<code 340> (_int_imia1):<code 340> (_start)
                0x00ffe074        0x4 LONG 0x200000 DEFINED (_int_imib1)?<code 340> (_int_imib1):<code 340> (_start)
                0x00ffe078        0x4 LONG 0x200000 DEFINED (_int_ovi1)?<code 340> (_int_ovi1):<code 340> (_start)
                0x00ffe07c        0x4 LONG 0x200000 <code 340> (_start)
                0x00ffe080        0x4 LONG 0x200000 DEFINED (_int_imia2)?<code 340> (_int_imia2):<code 340> (_start)
                0x00ffe084        0x4 LONG 0x200000 DEFINED (_int_imib2)?<code 340> (_int_imib2):<code 340> (_start)
                0x00ffe088        0x4 LONG 0x200000 DEFINED (_int_ovi2)?<code 340> (_int_ovi2):<code 340> (_start)
                0x00ffe08c        0x4 LONG 0x200000 <code 340> (_start)
                0x00ffe090        0x4 LONG 0x200000 DEFINED (_int_imia3)?<code 340> (_int_imia3):<code 340> (_start)
                0x00ffe094        0x4 LONG 0x200000 DEFINED (_int_imib3)?<code 340> (_int_imib3):<code 340> (_start)
                0x00ffe098        0x4 LONG 0x200000 DEFINED (_int_ovi3)?<code 340> (_int_ovi3):<code 340> (_start)
                0x00ffe09c        0x4 LONG 0x200000 <code 340> (_start)
                0x00ffe0a0        0x4 LONG 0x200000 DEFINED (_int_imia4)?<code 340> (_int_imia4):<code 340> (_start)
                0x00ffe0a4        0x4 LONG 0x200000 DEFINED (_int_imib4)?<code 340> (_int_imib4):<code 340> (_start)
                0x00ffe0a8        0x4 LONG 0x200000 DEFINED (_int_ovi4)?<code 340> (_int_ovi4):<code 340> (_start)
                0x00ffe0ac        0x4 LONG 0x200000 <code 340> (_start)
                0x00ffe0b0        0x4 LONG 0x200000 DEFINED (_int_dend0a)?<code 340> (_int_dend0a):<code 340> (_start)
                0x00ffe0b4        0x4 LONG 0x200000 DEFINED (_int_dend0b)?<code 340> (_int_dend0b):<code 340> (_start)
                0x00ffe0b8        0x4 LONG 0x200000 DEFINED (_int_dend1a)?<code 340> (_int_dend1a):<code 340> (_start)
                0x00ffe0bc        0x4 LONG 0x200000 DEFINED (_int_dend1b)?<code 340> (_int_dend1b):<code 340> (_start)
                0x00ffe0c0        0x4 LONG 0x200000 <code 340> (_start)
                0x00ffe0c4        0x4 LONG 0x200000 <code 340> (_start)
                0x00ffe0c8        0x4 LONG 0x200000 <code 340> (_start)
                0x00ffe0cc        0x4 LONG 0x200000 <code 340> (_start)
                0x00ffe0d0        0x4 LONG 0x200000 DEFINED (_int_eri0)?<code 340> (_int_eri0):<code 340> (_start)
                0x00ffe0d4        0x4 LONG 0x200000 DEFINED (_int_rxi0)?<code 340> (_int_rxi0):<code 340> (_start)
                0x00ffe0d8        0x4 LONG 0x200000 DEFINED (_int_txi0)?<code 340> (_int_txi0):<code 340> (_start)
                0x00ffe0dc        0x4 LONG 0x200000 DEFINED (_int_tei0)?<code 340> (_int_tei0):<code 340> (_start)
                0x00ffe0e0        0x4 LONG 0x200000 DEFINED (_int_eri1)?<code 340> (_int_eri1):<code 340> (_start)
                0x00ffe0e4        0x4 LONG 0x200000 DEFINED (_int_rxi1)?<code 340> (_int_rxi1):<code 340> (_start)
                0x00ffe0e8        0x4 LONG 0x200000 DEFINED (_int_txi1)?<code 340> (_int_txi1):<code 340> (_start)
                0x00ffe0ec        0x4 LONG 0x200000 DEFINED (_int_tei1)?<code 340> (_int_tei1):<code 340> (_start)
                0x00ffe0f0        0x4 LONG 0x200000 DEFINED (_int_adi)?<code 340> (_int_adi):<code 340> (_start)
                0x00ffe0f4        0x4 LONG 0x200000 <code 340> (_start)
                0x00ffe0f8        0x4 LONG 0x200000 <code 340> (_start)
                0x00ffe0fc        0x4 LONG 0x200000 <code 340> (_start)

.text           0x00200000      0x614
                0x00200000                __text_start = .
 *(.text)
 .text          0x00200000       0x3c /home/class/common/H8/lib/ramcrt-ext.o
                                 0x70 (size before relaxing)
                0x00200000                _start
 .text          0x0020003c      0x2ec ad-da.o
                                0x2f0 (size before relaxing)
                0x00200094                _menu
                0x00200300                _sleep_ms
                0x00200206                _sample_replay
                0x0020003c                _main
 .text          0x00200328      0x1aa lcd.o
                                0x1b2 (size before relaxing)
                0x00200328                _lcd_init
                0x002004aa                _wait1ms
                0x0020041e                _lcd_printstr
                0x00200462                _lcd_printch
                0x002003b4                _lcd_cursor
                0x00200404                _lcd_clear
                0x00200472                _lcd_putch
 .text          0x002004d2       0x42 ad.o
                0x002004d2                _ad_init
                0x002004ee                _ad_start
 .text          0x00200514       0x80 da.o
                0x00200538                _da_out
                0x00200574                _speaker_switch
                0x00200558                _da_stop
                0x00200514                _da_init
 .text          0x00200594       0x3c /nfs/home/local/bin/../lib/gcc-lib/h8300-hms/3.3.6/../../../../h8300-hms/lib/h8300h/int32/libg.a(lib_a-strlen.o)
                0x00200594                _strlen
 *(.rodata)
 .rodata        0x002005d0       0x44 ad-da.o
 *(.strings)
                0x00200614                __text_end = .

.tors           0x00200614        0x0
                0x00200614                ___ctors = .
 *(.ctors)
                0x00200614                ___ctors_end = .
                0x00200614                ___dtors = .
 *(.dtors)
                0x00200614                ___dtors_end = .

.data           0x00200614        0x0
                0x00200614                __data_start = .
 *(.data)
                0x00200614                __edata = .

.bss            0x00200620     0x7810
                0x00200620                __bss_start = .
 *(.bss)
 *(COMMON)
 COMMON         0x00200620     0x7810 ad-da.o
                0x00200620                _play_mode
                0x00200624                _bufptr
                0x00200630                _databuf
                0x00207e30                __bss_end = .
OUTPUT(ad-da.coff coff-h8300)
